
Allocating common symbols
Common symbol       size              file

GPIO_InitStructure  0x8               ..\obj\main.o

Discarded input sections

 .text          0x00000000        0x0 ..\obj\semihosting.o
 .data          0x00000000        0x0 ..\obj\semihosting.o
 .text.SH_SendString
                0x00000000       0x24 ..\obj\semihosting.o
 .text.SH_GetChar
                0x00000000       0x40 ..\obj\semihosting.o
 .text          0x00000000        0x0 ..\obj\stm32f4xx_syscfg.o
 .data          0x00000000        0x0 ..\obj\stm32f4xx_syscfg.o
 .bss           0x00000000        0x0 ..\obj\stm32f4xx_syscfg.o
 .text.SYSCFG_DeInit
                0x00000000       0x1c ..\obj\stm32f4xx_syscfg.o
 .text.SYSCFG_MemoryRemapConfig
                0x00000000       0x20 ..\obj\stm32f4xx_syscfg.o
 .text.SYSCFG_EXTILineConfig
                0x00000000       0x84 ..\obj\stm32f4xx_syscfg.o
 .text.SYSCFG_ETH_MediaInterfaceConfig
                0x00000000       0x1c ..\obj\stm32f4xx_syscfg.o
 .text.SYSCFG_CompensationCellCmd
                0x00000000       0x20 ..\obj\stm32f4xx_syscfg.o
 .text.SYSCFG_GetCompensationCellStatus
                0x00000000       0x34 ..\obj\stm32f4xx_syscfg.o
 .debug_info    0x00000000      0x26c ..\obj\stm32f4xx_syscfg.o
 .debug_abbrev  0x00000000      0x131 ..\obj\stm32f4xx_syscfg.o
 .debug_aranges
                0x00000000       0x48 ..\obj\stm32f4xx_syscfg.o
 .debug_ranges  0x00000000       0x38 ..\obj\stm32f4xx_syscfg.o
 .debug_line    0x00000000      0x1f9 ..\obj\stm32f4xx_syscfg.o
 .debug_str     0x00000000      0x2e5 ..\obj\stm32f4xx_syscfg.o
 .comment       0x00000000       0x71 ..\obj\stm32f4xx_syscfg.o
 .debug_frame   0x00000000       0xf4 ..\obj\stm32f4xx_syscfg.o
 .ARM.attributes
                0x00000000       0x33 ..\obj\stm32f4xx_syscfg.o
 .text          0x00000000        0x0 ..\obj\stm32f4xx_usart.o
 .data          0x00000000        0x0 ..\obj\stm32f4xx_usart.o
 .bss           0x00000000        0x0 ..\obj\stm32f4xx_usart.o
 .text.USART_DeInit
                0x00000000       0xd0 ..\obj\stm32f4xx_usart.o
 .text.USART_StructInit
                0x00000000       0x38 ..\obj\stm32f4xx_usart.o
 .text.USART_ClockInit
                0x00000000       0x54 ..\obj\stm32f4xx_usart.o
 .text.USART_ClockStructInit
                0x00000000       0x2c ..\obj\stm32f4xx_usart.o
 .text.USART_SetPrescaler
                0x00000000       0x38 ..\obj\stm32f4xx_usart.o
 .text.USART_OverSampling8Cmd
                0x00000000       0x44 ..\obj\stm32f4xx_usart.o
 .text.USART_OneBitMethodCmd
                0x00000000       0x40 ..\obj\stm32f4xx_usart.o
 .text.USART_SendData
                0x00000000       0x24 ..\obj\stm32f4xx_usart.o
 .text.USART_SetAddress
                0x00000000       0x38 ..\obj\stm32f4xx_usart.o
 .text.USART_ReceiverWakeUpCmd
                0x00000000       0x40 ..\obj\stm32f4xx_usart.o
 .text.USART_WakeUpConfig
                0x00000000       0x38 ..\obj\stm32f4xx_usart.o
 .text.USART_LINBreakDetectLengthConfig
                0x00000000       0x38 ..\obj\stm32f4xx_usart.o
 .text.USART_LINCmd
                0x00000000       0x40 ..\obj\stm32f4xx_usart.o
 .text.USART_SendBreak
                0x00000000       0x24 ..\obj\stm32f4xx_usart.o
 .text.USART_HalfDuplexCmd
                0x00000000       0x40 ..\obj\stm32f4xx_usart.o
 .text.USART_SetGuardTime
                0x00000000       0x3c ..\obj\stm32f4xx_usart.o
 .text.USART_SmartCardCmd
                0x00000000       0x40 ..\obj\stm32f4xx_usart.o
 .text.USART_SmartCardNACKCmd
                0x00000000       0x40 ..\obj\stm32f4xx_usart.o
 .text.USART_IrDAConfig
                0x00000000       0x38 ..\obj\stm32f4xx_usart.o
 .text.USART_IrDACmd
                0x00000000       0x40 ..\obj\stm32f4xx_usart.o
 .text.USART_DMACmd
                0x00000000       0x48 ..\obj\stm32f4xx_usart.o
 .text.USART_ITConfig
                0x00000000       0x90 ..\obj\stm32f4xx_usart.o
 .text.USART_ClearFlag
                0x00000000       0x20 ..\obj\stm32f4xx_usart.o
 .text.USART_GetITStatus
                0x00000000       0xb8 ..\obj\stm32f4xx_usart.o
 .text.USART_ClearITPendingBit
                0x00000000       0x38 ..\obj\stm32f4xx_usart.o
 .text          0x00000000        0x0 ..\obj\startup_stm32f4xx.o
 .data          0x00000000        0x0 ..\obj\startup_stm32f4xx.o
 .bss           0x00000000        0x0 ..\obj\startup_stm32f4xx.o
 .text          0x00000000        0x0 ..\obj\main.o
 .data          0x00000000        0x0 ..\obj\main.o
 .text.init_pin
                0x00000000       0x14 ..\obj\main.o
 .text.speedA   0x00000000        0xc ..\obj\main.o
 .text.speedB   0x00000000        0xc ..\obj\main.o
 .text          0x00000000        0x0 ..\obj\stm32f4xx_rcc.o
 .bss           0x00000000        0x0 ..\obj\stm32f4xx_rcc.o
 .text.RCC_DeInit
                0x00000000       0x50 ..\obj\stm32f4xx_rcc.o
 .text.RCC_HSEConfig
                0x00000000       0x24 ..\obj\stm32f4xx_rcc.o
 .text.RCC_WaitForHSEStartUp
                0x00000000       0x50 ..\obj\stm32f4xx_rcc.o
 .text.RCC_AdjustHSICalibrationValue
                0x00000000       0x3c ..\obj\stm32f4xx_rcc.o
 .text.RCC_HSICmd
                0x00000000       0x20 ..\obj\stm32f4xx_rcc.o
 .text.RCC_LSEConfig
                0x00000000       0x40 ..\obj\stm32f4xx_rcc.o
 .text.RCC_LSICmd
                0x00000000       0x20 ..\obj\stm32f4xx_rcc.o
 .text.RCC_PLLConfig
                0x00000000       0x3c ..\obj\stm32f4xx_rcc.o
 .text.RCC_PLLCmd
                0x00000000       0x20 ..\obj\stm32f4xx_rcc.o
 .text.RCC_PLLI2SConfig
                0x00000000       0x28 ..\obj\stm32f4xx_rcc.o
 .text.RCC_PLLI2SCmd
                0x00000000       0x20 ..\obj\stm32f4xx_rcc.o
 .text.RCC_ClockSecuritySystemCmd
                0x00000000       0x20 ..\obj\stm32f4xx_rcc.o
 .text.RCC_MCO1Config
                0x00000000       0x3c ..\obj\stm32f4xx_rcc.o
 .text.RCC_MCO2Config
                0x00000000       0x3c ..\obj\stm32f4xx_rcc.o
 .text.RCC_SYSCLKConfig
                0x00000000       0x38 ..\obj\stm32f4xx_rcc.o
 .text.RCC_GetSYSCLKSource
                0x00000000       0x20 ..\obj\stm32f4xx_rcc.o
 .text.RCC_HCLKConfig
                0x00000000       0x38 ..\obj\stm32f4xx_rcc.o
 .text.RCC_PCLK1Config
                0x00000000       0x38 ..\obj\stm32f4xx_rcc.o
 .text.RCC_PCLK2Config
                0x00000000       0x38 ..\obj\stm32f4xx_rcc.o
 .text.RCC_RTCCLKConfig
                0x00000000       0x5c ..\obj\stm32f4xx_rcc.o
 .text.RCC_RTCCLKCmd
                0x00000000       0x20 ..\obj\stm32f4xx_rcc.o
 .text.RCC_BackupResetCmd
                0x00000000       0x20 ..\obj\stm32f4xx_rcc.o
 .text.RCC_I2SCLKConfig
                0x00000000       0x1c ..\obj\stm32f4xx_rcc.o
 .text.RCC_AHB2PeriphClockCmd
                0x00000000       0x3c ..\obj\stm32f4xx_rcc.o
 .text.RCC_AHB3PeriphClockCmd
                0x00000000       0x3c ..\obj\stm32f4xx_rcc.o
 .text.RCC_APB2PeriphClockCmd
                0x00000000       0x3c ..\obj\stm32f4xx_rcc.o
 .text.RCC_AHB1PeriphResetCmd
                0x00000000       0x3c ..\obj\stm32f4xx_rcc.o
 .text.RCC_AHB2PeriphResetCmd
                0x00000000       0x3c ..\obj\stm32f4xx_rcc.o
 .text.RCC_AHB3PeriphResetCmd
                0x00000000       0x3c ..\obj\stm32f4xx_rcc.o
 .text.RCC_APB1PeriphResetCmd
                0x00000000       0x3c ..\obj\stm32f4xx_rcc.o
 .text.RCC_APB2PeriphResetCmd
                0x00000000       0x3c ..\obj\stm32f4xx_rcc.o
 .text.RCC_AHB1PeriphClockLPModeCmd
                0x00000000       0x3c ..\obj\stm32f4xx_rcc.o
 .text.RCC_AHB2PeriphClockLPModeCmd
                0x00000000       0x3c ..\obj\stm32f4xx_rcc.o
 .text.RCC_AHB3PeriphClockLPModeCmd
                0x00000000       0x3c ..\obj\stm32f4xx_rcc.o
 .text.RCC_APB1PeriphClockLPModeCmd
                0x00000000       0x3c ..\obj\stm32f4xx_rcc.o
 .text.RCC_APB2PeriphClockLPModeCmd
                0x00000000       0x3c ..\obj\stm32f4xx_rcc.o
 .text.RCC_ITConfig
                0x00000000       0x4c ..\obj\stm32f4xx_rcc.o
 .text.RCC_GetFlagStatus
                0x00000000       0x74 ..\obj\stm32f4xx_rcc.o
 .text.RCC_ClearFlag
                0x00000000       0x1c ..\obj\stm32f4xx_rcc.o
 .text.RCC_GetITStatus
                0x00000000       0x38 ..\obj\stm32f4xx_rcc.o
 .text.RCC_ClearITPendingBit
                0x00000000       0x20 ..\obj\stm32f4xx_rcc.o
 .text          0x00000000        0x0 ..\obj\printf.o
 .bss           0x00000000        0x0 ..\obj\printf.o
 .text.snprintf
                0x00000000       0x30 ..\obj\printf.o
 .text.fprintf  0x00000000       0x2c ..\obj\printf.o
 .text.sprintf  0x00000000       0x2c ..\obj\printf.o
 .text.puts     0x00000000       0x24 ..\obj\printf.o
 .text          0x00000000        0x0 ..\obj\stm32f4xx_gpio.o
 .data          0x00000000        0x0 ..\obj\stm32f4xx_gpio.o
 .bss           0x00000000        0x0 ..\obj\stm32f4xx_gpio.o
 .text.GPIO_DeInit
                0x00000000      0x120 ..\obj\stm32f4xx_gpio.o
 .text.GPIO_StructInit
                0x00000000       0x34 ..\obj\stm32f4xx_gpio.o
 .text.GPIO_PinLockConfig
                0x00000000       0x44 ..\obj\stm32f4xx_gpio.o
 .text.GPIO_ReadInputDataBit
                0x00000000       0x34 ..\obj\stm32f4xx_gpio.o
 .text.GPIO_ReadInputData
                0x00000000       0x1c ..\obj\stm32f4xx_gpio.o
 .text.GPIO_ReadOutputDataBit
                0x00000000       0x34 ..\obj\stm32f4xx_gpio.o
 .text.GPIO_ReadOutputData
                0x00000000       0x1c ..\obj\stm32f4xx_gpio.o
 .text.GPIO_WriteBit
                0x00000000       0x30 ..\obj\stm32f4xx_gpio.o
 .text.GPIO_Write
                0x00000000       0x1c ..\obj\stm32f4xx_gpio.o
 .text.GPIO_ToggleBits
                0x00000000       0x24 ..\obj\stm32f4xx_gpio.o
 .data          0x00000000        0x0 ..\obj\sh_cmd.o
 .bss           0x00000000        0x0 ..\obj\sh_cmd.o
 .text          0x00000000        0x0 ..\obj\system_stm32f4xx.o
 .data          0x00000000       0x14 ..\obj\system_stm32f4xx.o
 .bss           0x00000000        0x0 ..\obj\system_stm32f4xx.o
 .text.SystemCoreClockUpdate
                0x00000000       0xf8 ..\obj\system_stm32f4xx.o
 .text          0x00000000        0x0 ..\obj\syscalls.o
 .data          0x00000000        0x0 ..\obj\syscalls.o
 .bss           0x00000000        0x4 ..\obj\syscalls.o
 .text._sbrk    0x00000000       0x40 ..\obj\syscalls.o
 .text.link     0x00000000       0x1c ..\obj\syscalls.o
 .text._close   0x00000000       0x18 ..\obj\syscalls.o
 .text._fstat   0x00000000       0x20 ..\obj\syscalls.o
 .text._isatty  0x00000000       0x18 ..\obj\syscalls.o
 .text._lseek   0x00000000       0x1c ..\obj\syscalls.o
 .text._read    0x00000000       0x1c ..\obj\syscalls.o
 .text._write   0x00000000       0x1c ..\obj\syscalls.o
 .text.abort    0x00000000        0x8 ..\obj\syscalls.o
 .debug_info    0x00000000      0x3ee ..\obj\syscalls.o
 .debug_abbrev  0x00000000       0xe2 ..\obj\syscalls.o
 .debug_aranges
                0x00000000       0x60 ..\obj\syscalls.o
 .debug_ranges  0x00000000       0x50 ..\obj\syscalls.o
 .debug_line    0x00000000      0x163 ..\obj\syscalls.o
 .debug_str     0x00000000      0x2ae ..\obj\syscalls.o
 .comment       0x00000000       0x71 ..\obj\syscalls.o
 .debug_frame   0x00000000      0x168 ..\obj\syscalls.o
 .ARM.attributes
                0x00000000       0x33 ..\obj\syscalls.o
 .text          0x00000000        0x0 ..\obj\stm32f4xx_exti.o
 .data          0x00000000        0x0 ..\obj\stm32f4xx_exti.o
 .bss           0x00000000        0x0 ..\obj\stm32f4xx_exti.o
 .text.EXTI_DeInit
                0x00000000       0x34 ..\obj\stm32f4xx_exti.o
 .text.EXTI_Init
                0x00000000       0xe4 ..\obj\stm32f4xx_exti.o
 .text.EXTI_StructInit
                0x00000000       0x2c ..\obj\stm32f4xx_exti.o
 .text.EXTI_GenerateSWInterrupt
                0x00000000       0x24 ..\obj\stm32f4xx_exti.o
 .text.EXTI_GetFlagStatus
                0x00000000       0x34 ..\obj\stm32f4xx_exti.o
 .text.EXTI_ClearFlag
                0x00000000       0x1c ..\obj\stm32f4xx_exti.o
 .text.EXTI_GetITStatus
                0x00000000       0x48 ..\obj\stm32f4xx_exti.o
 .text.EXTI_ClearITPendingBit
                0x00000000       0x1c ..\obj\stm32f4xx_exti.o
 .debug_info    0x00000000      0x347 ..\obj\stm32f4xx_exti.o
 .debug_abbrev  0x00000000      0x1a5 ..\obj\stm32f4xx_exti.o
 .debug_aranges
                0x00000000       0x58 ..\obj\stm32f4xx_exti.o
 .debug_ranges  0x00000000       0x48 ..\obj\stm32f4xx_exti.o
 .debug_line    0x00000000      0x278 ..\obj\stm32f4xx_exti.o
 .debug_str     0x00000000      0x34a ..\obj\stm32f4xx_exti.o
 .comment       0x00000000       0x71 ..\obj\stm32f4xx_exti.o
 .debug_frame   0x00000000      0x148 ..\obj\stm32f4xx_exti.o
 .ARM.attributes
                0x00000000       0x33 ..\obj\stm32f4xx_exti.o
 .text          0x00000000        0x0 ..\obj\misc.o
 .data          0x00000000        0x0 ..\obj\misc.o
 .bss           0x00000000        0x0 ..\obj\misc.o
 .text.NVIC_PriorityGroupConfig
                0x00000000       0x24 ..\obj\misc.o
 .text.NVIC_Init
                0x00000000       0xc0 ..\obj\misc.o
 .text.NVIC_SetVectorTable
                0x00000000       0x2c ..\obj\misc.o
 .text.NVIC_SystemLPConfig
                0x00000000       0x40 ..\obj\misc.o
 .text.SysTick_CLKSourceConfig
                0x00000000       0x38 ..\obj\misc.o
 .debug_info    0x00000000      0x53d ..\obj\misc.o
 .debug_abbrev  0x00000000      0x145 ..\obj\misc.o
 .debug_aranges
                0x00000000       0x40 ..\obj\misc.o
 .debug_ranges  0x00000000       0x30 ..\obj\misc.o
 .debug_line    0x00000000      0x218 ..\obj\misc.o
 .debug_str     0x00000000      0x3bf ..\obj\misc.o
 .comment       0x00000000       0x71 ..\obj\misc.o
 .debug_frame   0x00000000       0xd8 ..\obj\misc.o
 .ARM.attributes
                0x00000000       0x33 ..\obj\misc.o
 .text          0x00000000        0x0 ..\obj\stm32f4xx_tim.o
 .data          0x00000000        0x0 ..\obj\stm32f4xx_tim.o
 .bss           0x00000000        0x0 ..\obj\stm32f4xx_tim.o
 .text.TIM_DeInit
                0x00000000      0x1bc ..\obj\stm32f4xx_tim.o
 .text.TIM_TimeBaseInit
                0x00000000       0xd4 ..\obj\stm32f4xx_tim.o
 .text.TIM_TimeBaseStructInit
                0x00000000       0x34 ..\obj\stm32f4xx_tim.o
 .text.TIM_PrescalerConfig
                0x00000000       0x28 ..\obj\stm32f4xx_tim.o
 .text.TIM_CounterModeConfig
                0x00000000       0x38 ..\obj\stm32f4xx_tim.o
 .text.TIM_SetCounter
                0x00000000       0x1c ..\obj\stm32f4xx_tim.o
 .text.TIM_SetAutoreload
                0x00000000       0x1c ..\obj\stm32f4xx_tim.o
 .text.TIM_GetCounter
                0x00000000       0x18 ..\obj\stm32f4xx_tim.o
 .text.TIM_GetPrescaler
                0x00000000       0x1c ..\obj\stm32f4xx_tim.o
 .text.TIM_UpdateDisableConfig
                0x00000000       0x40 ..\obj\stm32f4xx_tim.o
 .text.TIM_UpdateRequestConfig
                0x00000000       0x40 ..\obj\stm32f4xx_tim.o
 .text.TIM_ARRPreloadConfig
                0x00000000       0x40 ..\obj\stm32f4xx_tim.o
 .text.TIM_SelectOnePulseMode
                0x00000000       0x38 ..\obj\stm32f4xx_tim.o
 .text.TIM_SetClockDivision
                0x00000000       0x38 ..\obj\stm32f4xx_tim.o
 .text.TIM_Cmd  0x00000000       0x40 ..\obj\stm32f4xx_tim.o
 .text.TIM_OC1Init
                0x00000000       0xf4 ..\obj\stm32f4xx_tim.o
 .text.TIM_OC2Init
                0x00000000      0x110 ..\obj\stm32f4xx_tim.o
 .text.TIM_OC3Init
                0x00000000      0x10c ..\obj\stm32f4xx_tim.o
 .text.TIM_OC4Init
                0x00000000       0xcc ..\obj\stm32f4xx_tim.o
 .text.TIM_OCStructInit
                0x00000000       0x44 ..\obj\stm32f4xx_tim.o
 .text.TIM_SelectOCxM
                0x00000000       0xb0 ..\obj\stm32f4xx_tim.o
 .text.TIM_SetCompare1
                0x00000000       0x1c ..\obj\stm32f4xx_tim.o
 .text.TIM_SetCompare2
                0x00000000       0x1c ..\obj\stm32f4xx_tim.o
 .text.TIM_SetCompare3
                0x00000000       0x1c ..\obj\stm32f4xx_tim.o
 .text.TIM_SetCompare4
                0x00000000       0x1c ..\obj\stm32f4xx_tim.o
 .text.TIM_ForcedOC1Config
                0x00000000       0x38 ..\obj\stm32f4xx_tim.o
 .text.TIM_ForcedOC2Config
                0x00000000       0x3c ..\obj\stm32f4xx_tim.o
 .text.TIM_ForcedOC3Config
                0x00000000       0x38 ..\obj\stm32f4xx_tim.o
 .text.TIM_ForcedOC4Config
                0x00000000       0x3c ..\obj\stm32f4xx_tim.o
 .text.TIM_OC1PreloadConfig
                0x00000000       0x38 ..\obj\stm32f4xx_tim.o
 .text.TIM_OC2PreloadConfig
                0x00000000       0x3c ..\obj\stm32f4xx_tim.o
 .text.TIM_OC3PreloadConfig
                0x00000000       0x38 ..\obj\stm32f4xx_tim.o
 .text.TIM_OC4PreloadConfig
                0x00000000       0x3c ..\obj\stm32f4xx_tim.o
 .text.TIM_OC1FastConfig
                0x00000000       0x38 ..\obj\stm32f4xx_tim.o
 .text.TIM_OC2FastConfig
                0x00000000       0x3c ..\obj\stm32f4xx_tim.o
 .text.TIM_OC3FastConfig
                0x00000000       0x38 ..\obj\stm32f4xx_tim.o
 .text.TIM_OC4FastConfig
                0x00000000       0x3c ..\obj\stm32f4xx_tim.o
 .text.TIM_ClearOC1Ref
                0x00000000       0x38 ..\obj\stm32f4xx_tim.o
 .text.TIM_ClearOC2Ref
                0x00000000       0x3c ..\obj\stm32f4xx_tim.o
 .text.TIM_ClearOC3Ref
                0x00000000       0x38 ..\obj\stm32f4xx_tim.o
 .text.TIM_ClearOC4Ref
                0x00000000       0x3c ..\obj\stm32f4xx_tim.o
 .text.TIM_OC1PolarityConfig
                0x00000000       0x38 ..\obj\stm32f4xx_tim.o
 .text.TIM_OC1NPolarityConfig
                0x00000000       0x38 ..\obj\stm32f4xx_tim.o
 .text.TIM_OC2PolarityConfig
                0x00000000       0x3c ..\obj\stm32f4xx_tim.o
 .text.TIM_OC2NPolarityConfig
                0x00000000       0x3c ..\obj\stm32f4xx_tim.o
 .text.TIM_OC3PolarityConfig
                0x00000000       0x3c ..\obj\stm32f4xx_tim.o
 .text.TIM_OC3NPolarityConfig
                0x00000000       0x3c ..\obj\stm32f4xx_tim.o
 .text.TIM_OC4PolarityConfig
                0x00000000       0x3c ..\obj\stm32f4xx_tim.o
 .text.TIM_CCxCmd
                0x00000000       0x54 ..\obj\stm32f4xx_tim.o
 .text.TIM_CCxNCmd
                0x00000000       0x54 ..\obj\stm32f4xx_tim.o
 .text.TIM_ICInit
                0x00000000       0xa8 ..\obj\stm32f4xx_tim.o
 .text.TIM_ICStructInit
                0x00000000       0x30 ..\obj\stm32f4xx_tim.o
 .text.TIM_PWMIConfig
                0x00000000       0xb8 ..\obj\stm32f4xx_tim.o
 .text.TIM_GetCapture1
                0x00000000       0x18 ..\obj\stm32f4xx_tim.o
 .text.TIM_GetCapture2
                0x00000000       0x18 ..\obj\stm32f4xx_tim.o
 .text.TIM_GetCapture3
                0x00000000       0x18 ..\obj\stm32f4xx_tim.o
 .text.TIM_GetCapture4
                0x00000000       0x18 ..\obj\stm32f4xx_tim.o
 .text.TIM_SetIC1Prescaler
                0x00000000       0x38 ..\obj\stm32f4xx_tim.o
 .text.TIM_SetIC2Prescaler
                0x00000000       0x3c ..\obj\stm32f4xx_tim.o
 .text.TIM_SetIC3Prescaler
                0x00000000       0x38 ..\obj\stm32f4xx_tim.o
 .text.TIM_SetIC4Prescaler
                0x00000000       0x3c ..\obj\stm32f4xx_tim.o
 .text.TIM_BDTRConfig
                0x00000000       0x50 ..\obj\stm32f4xx_tim.o
 .text.TIM_BDTRStructInit
                0x00000000       0x3c ..\obj\stm32f4xx_tim.o
 .text.TIM_CtrlPWMOutputs
                0x00000000       0x4c ..\obj\stm32f4xx_tim.o
 .text.TIM_SelectCOM
                0x00000000       0x40 ..\obj\stm32f4xx_tim.o
 .text.TIM_CCPreloadControl
                0x00000000       0x40 ..\obj\stm32f4xx_tim.o
 .text.TIM_ITConfig
                0x00000000       0x48 ..\obj\stm32f4xx_tim.o
 .text.TIM_GenerateEvent
                0x00000000       0x1c ..\obj\stm32f4xx_tim.o
 .text.TIM_GetFlagStatus
                0x00000000       0x38 ..\obj\stm32f4xx_tim.o
 .text.TIM_ClearFlag
                0x00000000       0x20 ..\obj\stm32f4xx_tim.o
 .text.TIM_GetITStatus
                0x00000000       0x54 ..\obj\stm32f4xx_tim.o
 .text.TIM_ClearITPendingBit
                0x00000000       0x20 ..\obj\stm32f4xx_tim.o
 .text.TIM_DMAConfig
                0x00000000       0x28 ..\obj\stm32f4xx_tim.o
 .text.TIM_DMACmd
                0x00000000       0x48 ..\obj\stm32f4xx_tim.o
 .text.TIM_SelectCCDMA
                0x00000000       0x40 ..\obj\stm32f4xx_tim.o
 .text.TIM_InternalClockConfig
                0x00000000       0x24 ..\obj\stm32f4xx_tim.o
 .text.TIM_ITRxExternalClockConfig
                0x00000000       0x2c ..\obj\stm32f4xx_tim.o
 .text.TIM_TIxExternalClockConfig
                0x00000000       0x60 ..\obj\stm32f4xx_tim.o
 .text.TIM_ETRClockMode1Config
                0x00000000       0x5c ..\obj\stm32f4xx_tim.o
 .text.TIM_ETRClockMode2Config
                0x00000000       0x3c ..\obj\stm32f4xx_tim.o
 .text.TIM_SelectInputTrigger
                0x00000000       0x38 ..\obj\stm32f4xx_tim.o
 .text.TIM_SelectOutputTrigger
                0x00000000       0x38 ..\obj\stm32f4xx_tim.o
 .text.TIM_SelectSlaveMode
                0x00000000       0x38 ..\obj\stm32f4xx_tim.o
 .text.TIM_SelectMasterSlaveMode
                0x00000000       0x38 ..\obj\stm32f4xx_tim.o
 .text.TIM_ETRConfig
                0x00000000       0x54 ..\obj\stm32f4xx_tim.o
 .text.TIM_EncoderInterfaceConfig
                0x00000000       0x98 ..\obj\stm32f4xx_tim.o
 .text.TIM_SelectHallSensor
                0x00000000       0x40 ..\obj\stm32f4xx_tim.o
 .text.TIM_RemapConfig
                0x00000000       0x20 ..\obj\stm32f4xx_tim.o
 .text.TI1_Config
                0x00000000       0x84 ..\obj\stm32f4xx_tim.o
 .text.TI2_Config
                0x00000000       0x98 ..\obj\stm32f4xx_tim.o
 .text.TI3_Config
                0x00000000       0x90 ..\obj\stm32f4xx_tim.o
 .text.TI4_Config
                0x00000000       0x9c ..\obj\stm32f4xx_tim.o
 .debug_info    0x00000000     0x1c61 ..\obj\stm32f4xx_tim.o
 .debug_abbrev  0x00000000      0x187 ..\obj\stm32f4xx_tim.o
 .debug_aranges
                0x00000000      0x2f8 ..\obj\stm32f4xx_tim.o
 .debug_ranges  0x00000000      0x2e8 ..\obj\stm32f4xx_tim.o
 .debug_line    0x00000000      0xa3d ..\obj\stm32f4xx_tim.o
 .debug_str     0x00000000      0xdc1 ..\obj\stm32f4xx_tim.o
 .comment       0x00000000       0x71 ..\obj\stm32f4xx_tim.o
 .debug_frame   0x00000000      0xe54 ..\obj\stm32f4xx_tim.o
 .ARM.attributes
                0x00000000       0x33 ..\obj\stm32f4xx_tim.o

Memory Configuration

Name             Origin             Length             Attributes
rom              0x08000000         0x00100000         xr
ram              0x20000000         0x00020000         xrw
ram1             0x10000000         0x00010000         xrw
*default*        0x00000000         0xffffffff

Linker script and memory map

                0x20020000                _eram = 0x20020000

.text           0x08000000     0x1338
 *(.isr_vector .isr_vector.*)
 .isr_vector    0x08000000      0x188 ..\obj\startup_stm32f4xx.o
                0x08000000                g_pfnVectors
 *(.text .text.* .gnu.linkonce.t.*)
 .text.SH_SendChar
                0x08000188       0x68 ..\obj\semihosting.o
                0x08000188                SH_SendChar
 .text.USART_Init
                0x080001f0      0x178 ..\obj\stm32f4xx_usart.o
                0x080001f0                USART_Init
 .text.USART_Cmd
                0x08000368       0x40 ..\obj\stm32f4xx_usart.o
                0x08000368                USART_Cmd
 .text.USART_ReceiveData
                0x080003a8       0x20 ..\obj\stm32f4xx_usart.o
                0x080003a8                USART_ReceiveData
 .text.USART_GetFlagStatus
                0x080003c8       0x38 ..\obj\stm32f4xx_usart.o
                0x080003c8                USART_GetFlagStatus
 .text.Default_Reset_Handler
                0x08000400       0x5c ..\obj\startup_stm32f4xx.o
                0x08000400                Default_Reset_Handler
                0x08000400                Reset_Handler
 .text.Default_Handler
                0x0800045c        0x8 ..\obj\startup_stm32f4xx.o
                0x0800045c                RTC_Alarm_IRQHandler
                0x0800045c                HASH_RNG_IRQHandler
                0x0800045c                EXTI2_IRQHandler
                0x0800045c                TIM8_CC_IRQHandler
                0x0800045c                DebugMon_Handler
                0x0800045c                TIM1_CC_IRQHandler
                0x0800045c                DMA2_Stream5_IRQHandler
                0x0800045c                DMA1_Stream5_IRQHandler
                0x0800045c                SysTick_Handler
                0x0800045c                PVD_IRQHandler
                0x0800045c                SDIO_IRQHandler
                0x0800045c                TAMP_STAMP_IRQHandler
                0x0800045c                PendSV_Handler
                0x0800045c                NMI_Handler
                0x0800045c                CAN2_RX1_IRQHandler
                0x0800045c                EXTI3_IRQHandler
                0x0800045c                TIM8_TRG_COM_TIM14_IRQHandler
                0x0800045c                TIM1_UP_TIM10_IRQHandler
                0x0800045c                TIM8_UP_TIM13_IRQHandler
                0x0800045c                I2C3_ER_IRQHandler
                0x0800045c                EXTI0_IRQHandler
                0x0800045c                I2C2_EV_IRQHandler
                0x0800045c                DMA1_Stream2_IRQHandler
                0x0800045c                CAN1_RX0_IRQHandler
                0x0800045c                FPU_IRQHandler
                0x0800045c                OTG_HS_WKUP_IRQHandler
                0x0800045c                UsageFault_Handler
                0x0800045c                CAN2_SCE_IRQHandler
                0x0800045c                DMA2_Stream2_IRQHandler
                0x0800045c                SPI1_IRQHandler
                0x0800045c                TIM6_DAC_IRQHandler
                0x0800045c                TIM1_BRK_TIM9_IRQHandler
                0x0800045c                DCMI_IRQHandler
                0x0800045c                CAN2_RX0_IRQHandler
                0x0800045c                DMA2_Stream3_IRQHandler
                0x0800045c                USART6_IRQHandler
                0x0800045c                USART3_IRQHandler
                0x0800045c                CRYP_IRQHandler
                0x0800045c                CAN1_RX1_IRQHandler
                0x0800045c                UART5_IRQHandler
                0x0800045c                DMA2_Stream0_IRQHandler
                0x0800045c                TIM4_IRQHandler
                0x0800045c                I2C1_EV_IRQHandler
                0x0800045c                DMA1_Stream6_IRQHandler
                0x0800045c                DMA1_Stream1_IRQHandler
                0x0800045c                UART4_IRQHandler
                0x0800045c                TIM3_IRQHandler
                0x0800045c                RCC_IRQHandler
                0x0800045c                TIM8_BRK_TIM12_IRQHandler
                0x0800045c                EXTI15_10_IRQHandler
                0x0800045c                ADC_IRQHandler
                0x0800045c                DMA1_Stream7_IRQHandler
                0x0800045c                TIM7_IRQHandler
                0x0800045c                CAN2_TX_IRQHandler
                0x0800045c                TIM5_IRQHandler
                0x0800045c                DMA2_Stream7_IRQHandler
                0x0800045c                I2C3_EV_IRQHandler
                0x0800045c                EXTI9_5_IRQHandler
                0x0800045c                RTC_WKUP_IRQHandler
                0x0800045c                ETH_WKUP_IRQHandler
                0x0800045c                SPI2_IRQHandler
                0x0800045c                OTG_HS_EP1_IN_IRQHandler
                0x0800045c                MemManage_Handler
                0x0800045c                DMA1_Stream0_IRQHandler
                0x0800045c                CAN1_TX_IRQHandler
                0x0800045c                SVC_Handler
                0x0800045c                EXTI4_IRQHandler
                0x0800045c                FSMC_IRQHandler
                0x0800045c                ETH_IRQHandler
                0x0800045c                OTG_HS_EP1_OUT_IRQHandler
                0x0800045c                WWDG_IRQHandler
                0x0800045c                TIM2_IRQHandler
                0x0800045c                OTG_FS_WKUP_IRQHandler
                0x0800045c                TIM1_TRG_COM_TIM11_IRQHandler
                0x0800045c                OTG_HS_IRQHandler
                0x0800045c                EXTI1_IRQHandler
                0x0800045c                USART2_IRQHandler
                0x0800045c                I2C2_ER_IRQHandler
                0x0800045c                DMA2_Stream1_IRQHandler
                0x0800045c                CAN1_SCE_IRQHandler
                0x0800045c                FLASH_IRQHandler
                0x0800045c                DMA2_Stream4_IRQHandler
                0x0800045c                BusFault_Handler
                0x0800045c                USART1_IRQHandler
                0x0800045c                OTG_FS_IRQHandler
                0x0800045c                SPI3_IRQHandler
                0x0800045c                DMA1_Stream4_IRQHandler
                0x0800045c                I2C1_ER_IRQHandler
                0x0800045c                DMA2_Stream6_IRQHandler
                0x0800045c                DMA1_Stream3_IRQHandler
 .text.intic    0x08000464       0xa8 ..\obj\main.o
                0x08000464                intic
 .text.usartGetChar
                0x0800050c       0x48 ..\obj\main.o
                0x0800050c                usartGetChar
 .text.lewo     0x08000554       0x1c ..\obj\main.o
                0x08000554                lewo
 .text.prawo    0x08000570       0x1c ..\obj\main.o
                0x08000570                prawo
 .text.przod    0x0800058c       0x1c ..\obj\main.o
                0x0800058c                przod
 .text.tyl      0x080005a8       0x1c ..\obj\main.o
                0x080005a8                tyl
 .text.stop     0x080005c4       0x14 ..\obj\main.o
                0x080005c4                stop
 .text.main     0x080005d8      0x15c ..\obj\main.o
                0x080005d8                main
 .text.RCC_GetClocksFreq
                0x08000734      0x154 ..\obj\stm32f4xx_rcc.o
                0x08000734                RCC_GetClocksFreq
 .text.RCC_AHB1PeriphClockCmd
                0x08000888       0x3c ..\obj\stm32f4xx_rcc.o
                0x08000888                RCC_AHB1PeriphClockCmd
 .text.RCC_APB1PeriphClockCmd
                0x080008c4       0x3c ..\obj\stm32f4xx_rcc.o
                0x080008c4                RCC_APB1PeriphClockCmd
 .text.PrintChar
                0x08000900       0x18 ..\obj\printf.o
                0x08000900                PrintChar
 .text.PutChar  0x08000918       0x20 ..\obj\printf.o
                0x08000918                PutChar
 .text.PutString
                0x08000938       0x3c ..\obj\printf.o
                0x08000938                PutString
 .text.PutUnsignedInt
                0x08000974       0xa0 ..\obj\printf.o
                0x08000974                PutUnsignedInt
 .text.PutSignedInt
                0x08000a14      0x104 ..\obj\printf.o
                0x08000a14                PutSignedInt
 .text.PutHexa  0x08000b18       0xd8 ..\obj\printf.o
                0x08000b18                PutHexa
 .text.vsnprintf
                0x08000bf0      0x25c ..\obj\printf.o
                0x08000bf0                vsnprintf
 .text.vsprintf
                0x08000e4c       0x24 ..\obj\printf.o
                0x08000e4c                vsprintf
 .text.vfprintf
                0x08000e70       0x68 ..\obj\printf.o
                0x08000e70                vfprintf
 .text.vprintf  0x08000ed8       0x28 ..\obj\printf.o
                0x08000ed8                vprintf
 .text.printf   0x08000f00       0x28 ..\obj\printf.o
                0x08000f00                printf
 .text.fputc    0x08000f28       0x40 ..\obj\printf.o
                0x08000f28                fputc
 .text.fputs    0x08000f68       0x48 ..\obj\printf.o
                0x08000f68                fputs
 .text.GPIO_Init
                0x08000fb0      0x11c ..\obj\stm32f4xx_gpio.o
                0x08000fb0                GPIO_Init
 .text.GPIO_SetBits
                0x080010cc       0x1c ..\obj\stm32f4xx_gpio.o
                0x080010cc                GPIO_SetBits
 .text.GPIO_ResetBits
                0x080010e8       0x1c ..\obj\stm32f4xx_gpio.o
                0x080010e8                GPIO_ResetBits
 .text.GPIO_PinAFConfig
                0x08001104       0x90 ..\obj\stm32f4xx_gpio.o
                0x08001104                GPIO_PinAFConfig
 .text          0x08001194       0x28 ..\obj\sh_cmd.o
                0x08001194                SH_DoCommand
                0x080011a6                HardFault_Handler
 .text.SystemInit
                0x080011bc       0x58 ..\obj\system_stm32f4xx.o
                0x080011bc                SystemInit
 .text.SetSysClock
                0x08001214       0xf4 ..\obj\system_stm32f4xx.o
 *(.glue_7t)
 .glue_7t       0x00000000        0x0 linker stubs
 *(.glue_7)
 .glue_7        0x00000000        0x0 linker stubs
 *(.rodata .rodata* .gnu.linkonce.r.*)
 .rodata        0x08001308        0xc ..\obj\main.o
 .rodata        0x08001314       0x24 ..\obj\printf.o

.vfp11_veneer   0x08001338        0x0
 .vfp11_veneer  0x00000000        0x0 linker stubs

.v4_bx          0x08001338        0x0
 .v4_bx         0x00000000        0x0 linker stubs

.iplt           0x08001338        0x0
 .iplt          0x00000000        0x0 ..\obj\semihosting.o

.rel.dyn        0x08001338        0x0
 .rel.iplt      0x00000000        0x0 ..\obj\semihosting.o

.ARM.extab
 *(.ARM.extab* .gnu.linkonce.armextab.*)
                0x08001338                __exidx_start = .

.ARM.exidx
 *(.ARM.exidx* .gnu.linkonce.armexidx.*)
                0x08001338                __exidx_end = .
                0x08001338                . = ALIGN (0x4)
                0x08001338                _etext = .
                0x08001338                _sidata = .

.data           0x20000000      0x440 load address 0x08001338
                0x20000000                _sdata = .
 *(.data .data.*)
 .data          0x20000000       0x10 ..\obj\stm32f4xx_rcc.o
 .data          0x20000010      0x430 ..\obj\printf.o
                0x20000010                r
                0x20000438                _impure_ptr
                0x20000440                . = ALIGN (0x4)
                0x20000440                _edata = .

.igot.plt       0x20000440        0x0 load address 0x08001778
 .igot.plt      0x00000000        0x0 ..\obj\semihosting.o

.bss            0x20000440       0x2c load address 0x08001778
                0x20000440                _sbss = .
 *(.bss .bss.*)
 .bss           0x20000440       0x14 ..\obj\semihosting.o
 .bss           0x20000454       0x10 ..\obj\main.o
                0x20000454                a
                0x20000458                i2
 *(COMMON)
 COMMON         0x20000464        0x8 ..\obj\main.o
                0x20000464                GPIO_InitStructure
                0x2000046c                . = ALIGN (0x4)
                0x2000046c                _ebss = .

.co_stack       0x2000046c      0x804 load address 0x080017a4
                0x20000470                . = ALIGN (0x8)
 *fill*         0x2000046c        0x4 
 *(.co_stack .co_stack.*)
 .co_stack      0x20000470      0x800 ..\obj\startup_stm32f4xx.o
                0x20000470                pulStack
                0x20000c70                . = ALIGN (0x4)
                0x20000c70                _end = .
LOAD ..\obj\semihosting.o
LOAD ..\obj\stm32f4xx_syscfg.o
LOAD ..\obj\stm32f4xx_usart.o
LOAD ..\obj\startup_stm32f4xx.o
LOAD ..\obj\main.o
LOAD ..\obj\stm32f4xx_rcc.o
LOAD ..\obj\printf.o
LOAD ..\obj\stm32f4xx_gpio.o
LOAD ..\obj\sh_cmd.o
LOAD ..\obj\system_stm32f4xx.o
LOAD ..\obj\syscalls.o
LOAD ..\obj\stm32f4xx_exti.o
LOAD ..\obj\misc.o
LOAD ..\obj\stm32f4xx_tim.o
START GROUP
LOAD c:/program files (x86)/gnu tools arm embedded/4.9 2014q4/bin/../lib/gcc/arm-none-eabi/4.9.3/armv7e-m\libgcc.a
LOAD c:/program files (x86)/gnu tools arm embedded/4.9 2014q4/bin/../lib/gcc/arm-none-eabi/4.9.3/../../../../arm-none-eabi/lib/armv7e-m\libg.a
LOAD c:/program files (x86)/gnu tools arm embedded/4.9 2014q4/bin/../lib/gcc/arm-none-eabi/4.9.3/../../../../arm-none-eabi/lib/armv7e-m\libc.a
END GROUP
OUTPUT(1.elf elf32-littlearm)

.debug_info     0x00000000     0x37a6
 .debug_info    0x00000000      0x12b ..\obj\semihosting.o
 .debug_info    0x0000012b      0x9c2 ..\obj\stm32f4xx_usart.o
 .debug_info    0x00000aed       0xed ..\obj\startup_stm32f4xx.o
 .debug_info    0x00000bda      0x538 ..\obj\main.o
 .debug_info    0x00001112      0xc4d ..\obj\stm32f4xx_rcc.o
 .debug_info    0x00001d5f      0xe38 ..\obj\printf.o
 .debug_info    0x00002b97      0x602 ..\obj\stm32f4xx_gpio.o
 .debug_info    0x00003199       0x7b ..\obj\sh_cmd.o
 .debug_info    0x00003214      0x592 ..\obj\system_stm32f4xx.o

.debug_abbrev   0x00000000      0xb9e
 .debug_abbrev  0x00000000       0xab ..\obj\semihosting.o
 .debug_abbrev  0x000000ab      0x155 ..\obj\stm32f4xx_usart.o
 .debug_abbrev  0x00000200       0xb0 ..\obj\startup_stm32f4xx.o
 .debug_abbrev  0x000002b0      0x1a0 ..\obj\main.o
 .debug_abbrev  0x00000450      0x1e3 ..\obj\stm32f4xx_rcc.o
 .debug_abbrev  0x00000633      0x27e ..\obj\printf.o
 .debug_abbrev  0x000008b1      0x1a3 ..\obj\stm32f4xx_gpio.o
 .debug_abbrev  0x00000a54       0x14 ..\obj\sh_cmd.o
 .debug_abbrev  0x00000a68      0x136 ..\obj\system_stm32f4xx.o

.debug_aranges  0x00000000      0x4b8
 .debug_aranges
                0x00000000       0x30 ..\obj\semihosting.o
 .debug_aranges
                0x00000030      0x100 ..\obj\stm32f4xx_usart.o
 .debug_aranges
                0x00000130       0x28 ..\obj\startup_stm32f4xx.o
 .debug_aranges
                0x00000158       0x70 ..\obj\main.o
 .debug_aranges
                0x000001c8      0x178 ..\obj\stm32f4xx_rcc.o
 .debug_aranges
                0x00000340       0xa0 ..\obj\printf.o
 .debug_aranges
                0x000003e0       0x88 ..\obj\stm32f4xx_gpio.o
 .debug_aranges
                0x00000468       0x20 ..\obj\sh_cmd.o
 .debug_aranges
                0x00000488       0x30 ..\obj\system_stm32f4xx.o

.debug_ranges   0x00000000      0x418
 .debug_ranges  0x00000000       0x20 ..\obj\semihosting.o
 .debug_ranges  0x00000020       0xf0 ..\obj\stm32f4xx_usart.o
 .debug_ranges  0x00000110       0x18 ..\obj\startup_stm32f4xx.o
 .debug_ranges  0x00000128       0x60 ..\obj\main.o
 .debug_ranges  0x00000188      0x168 ..\obj\stm32f4xx_rcc.o
 .debug_ranges  0x000002f0       0x90 ..\obj\printf.o
 .debug_ranges  0x00000380       0x78 ..\obj\stm32f4xx_gpio.o
 .debug_ranges  0x000003f8       0x20 ..\obj\system_stm32f4xx.o

.debug_line     0x00000000     0x16b2
 .debug_line    0x00000000       0xa1 ..\obj\semihosting.o
 .debug_line    0x000000a1      0x475 ..\obj\stm32f4xx_usart.o
 .debug_line    0x00000516       0x93 ..\obj\startup_stm32f4xx.o
 .debug_line    0x000005a9      0x2c3 ..\obj\main.o
 .debug_line    0x0000086c      0x574 ..\obj\stm32f4xx_rcc.o
 .debug_line    0x00000de0      0x36a ..\obj\printf.o
 .debug_line    0x0000114a      0x316 ..\obj\stm32f4xx_gpio.o
 .debug_line    0x00001460       0x73 ..\obj\sh_cmd.o
 .debug_line    0x000014d3      0x1df ..\obj\system_stm32f4xx.o

.debug_str      0x00000000     0x1673
 .debug_str     0x00000000      0x142 ..\obj\semihosting.o
                                0x17b (size before relaxing)
 .debug_str     0x00000142      0x530 ..\obj\stm32f4xx_usart.o
                                0x680 (size before relaxing)
 .debug_str     0x00000672       0xa1 ..\obj\startup_stm32f4xx.o
                                0x138 (size before relaxing)
 .debug_str     0x00000713      0x236 ..\obj\main.o
                                0x484 (size before relaxing)
 .debug_str     0x00000949      0x5d4 ..\obj\stm32f4xx_rcc.o
                                0x841 (size before relaxing)
 .debug_str     0x00000f1d      0x4b9 ..\obj\printf.o
                                0x63d (size before relaxing)
 .debug_str     0x000013d6      0x194 ..\obj\stm32f4xx_gpio.o
                                0x494 (size before relaxing)
 .debug_str     0x0000156a      0x109 ..\obj\system_stm32f4xx.o
                                0x39b (size before relaxing)

.comment        0x00000000       0x70
 .comment       0x00000000       0x70 ..\obj\semihosting.o
                                 0x71 (size before relaxing)
 .comment       0x00000000       0x71 ..\obj\stm32f4xx_usart.o
 .comment       0x00000000       0x71 ..\obj\startup_stm32f4xx.o
 .comment       0x00000000       0x71 ..\obj\main.o
 .comment       0x00000000       0x71 ..\obj\stm32f4xx_rcc.o
 .comment       0x00000000       0x71 ..\obj\printf.o
 .comment       0x00000000       0x71 ..\obj\stm32f4xx_gpio.o
 .comment       0x00000000       0x71 ..\obj\system_stm32f4xx.o

.ARM.attributes
                0x00000000       0x31
 .ARM.attributes
                0x00000000       0x33 ..\obj\semihosting.o
 .ARM.attributes
                0x00000033       0x33 ..\obj\stm32f4xx_usart.o
 .ARM.attributes
                0x00000066       0x33 ..\obj\startup_stm32f4xx.o
 .ARM.attributes
                0x00000099       0x33 ..\obj\main.o
 .ARM.attributes
                0x000000cc       0x33 ..\obj\stm32f4xx_rcc.o
 .ARM.attributes
                0x000000ff       0x33 ..\obj\printf.o
 .ARM.attributes
                0x00000132       0x33 ..\obj\stm32f4xx_gpio.o
 .ARM.attributes
                0x00000165       0x21 ..\obj\sh_cmd.o
 .ARM.attributes
                0x00000186       0x33 ..\obj\system_stm32f4xx.o

.debug_frame    0x00000000     0x1320
 .debug_frame   0x00000000       0x7c ..\obj\semihosting.o
 .debug_frame   0x0000007c      0x490 ..\obj\stm32f4xx_usart.o
 .debug_frame   0x0000050c       0x4c ..\obj\startup_stm32f4xx.o
 .debug_frame   0x00000558      0x160 ..\obj\main.o
 .debug_frame   0x000006b8      0x6d4 ..\obj\stm32f4xx_rcc.o
 .debug_frame   0x00000d8c      0x2dc ..\obj\printf.o
 .debug_frame   0x00001068      0x23c ..\obj\stm32f4xx_gpio.o
 .debug_frame   0x000012a4       0x7c ..\obj\system_stm32f4xx.o
